// Jest Snapshot v1, https://goo.gl/fbAQLP

exports[`NavBar.vue renders without errors 1`] = `
Object {
  "render": [Function],
  "staticRenderFns": Array [
    [Function],
  ],
}
`;
